[    0.000000] Linux version 4.15.0-124-generic (buildd@lgw01-amd64-029) (gcc version 7.5.0 (Ubuntu 7.5.0-3ubuntu1~18.04)) #127-Ubuntu SMP Fri Nov 6 10:54:43 UTC 2020 (Ubuntu 4.15.0-124.127-generic 4.15.18)
[    0.000000] Command line: BOOT_IMAGE=/boot/vmlinuz-4.15.0-124-generic root=LABEL=cloudimg-rootfs ro console=tty1 console=ttyS0
[    0.000000] KERNEL supported cpus:
[    0.000000]   Intel GenuineIntel
[    0.000000]   AMD AuthenticAMD
[    0.000000]   Centaur CentaurHauls
[    0.000000] x86/fpu: Supporting XSAVE feature 0x001: 'x87 floating point registers'
[    0.000000] x86/fpu: Supporting XSAVE feature 0x002: 'SSE registers'
[    0.000000] x86/fpu: Supporting XSAVE feature 0x004: 'AVX registers'
[    0.000000] x86/fpu: xstate_offset[2]:  576, xstate_sizes[2]:  256
[    0.000000] x86/fpu: Enabled xstate features 0x7, context size is 832 bytes, using 'standard' format.
[    0.000000] e820: BIOS-provided physical RAM map:
[    0.000000] BIOS-e820: [mem 0x0000000000000000-0x000000000009fbff] usable
[    0.000000] BIOS-e820: [mem 0x000000000009fc00-0x000000000009ffff] reserved
[    0.000000] BIOS-e820: [mem 0x00000000000f0000-0x00000000000fffff] reserved
[    0.000000] BIOS-e820: [mem 0x0000000000100000-0x000000003ffeffff] usable
[    0.000000] BIOS-e820: [mem 0x000000003fff0000-0x000000003fffffff] ACPI data
[    0.000000] BIOS-e820: [mem 0x00000000fec00000-0x00000000fec00fff] reserved
[    0.000000] BIOS-e820: [mem 0x00000000fee00000-0x00000000fee00fff] reserved
[    0.000000] BIOS-e820: [mem 0x00000000fffc0000-0x00000000ffffffff] reserved
[    0.000000] NX (Execute Disable) protection: active
[    0.000000] SMBIOS 2.5 present.
[    0.000000] DMI: innotek GmbH VirtualBox/VirtualBox, BIOS VirtualBox 12/01/2006
[    0.000000] Hypervisor detected: KVM
[    0.000000] e820: last_pfn = 0x3fff0 max_arch_pfn = 0x400000000
[    0.000000] MTRR: Disabled
[    0.000000] x86/PAT: MTRRs disabled, skipping PAT initialization too.
[    0.000000] CPU MTRRs all blank - virtualized system.
[    0.000000] x86/PAT: Configuration [0-7]: WB  WT  UC- UC  WB  WT  UC- UC  
[    0.000000] found SMP MP-table at [mem 0x0009fff0-0x0009ffff]
[    0.000000] Scanning 1 areas for low memory corruption
[    0.000000] RAMDISK: [mem 0x35a67000-0x36d2afff]
[    0.000000] ACPI: Early table checksum verification disabled
[    0.000000] ACPI: RSDP 0x00000000000E0000 000024 (v02 VBOX  )
[    0.000000] ACPI: XSDT 0x000000003FFF0030 00003C (v01 VBOX   VBOXXSDT 00000001 ASL  00000061)
[    0.000000] ACPI: FACP 0x000000003FFF00F0 0000F4 (v04 VBOX   VBOXFACP 00000001 ASL  00000061)
[    0.000000] ACPI: DSDT 0x000000003FFF0470 002325 (v02 VBOX   VBOXBIOS 00000002 INTL 20190509)
[    0.000000] ACPI: FACS 0x000000003FFF0200 000040
[    0.000000] ACPI: FACS 0x000000003FFF0200 000040
[    0.000000] ACPI: APIC 0x000000003FFF0240 00005C (v02 VBOX   VBOXAPIC 00000001 ASL  00000061)
[    0.000000] ACPI: SSDT 0x000000003FFF02A0 0001CC (v01 VBOX   VBOXCPUT 00000002 INTL 20190509)
[    0.000000] No NUMA configuration found
[    0.000000] Faking a node at [mem 0x0000000000000000-0x000000003ffeffff]
[    0.000000] NODE_DATA(0) allocated [mem 0x3ffc5000-0x3ffeffff]
[    0.000000] kvm-clock: cpu 0, msr 0:3ff44001, primary cpu clock
[    0.000000] kvm-clock: Using msrs 4b564d01 and 4b564d00
[    0.000000] kvm-clock: using sched offset of 3988054234 cycles
[    0.000000] clocksource: kvm-clock: mask: 0xffffffffffffffff max_cycles: 0x1cd42e4dffb, max_idle_ns: 881590591483 ns
[    0.000000] Zone ranges:
[    0.000000]   DMA      [mem 0x0000000000001000-0x0000000000ffffff]
[    0.000000]   DMA32    [mem 0x0000000001000000-0x000000003ffeffff]
[    0.000000]   Normal   empty
[    0.000000]   Device   empty
[    0.000000] Movable zone start for each node
[    0.000000] Early memory node ranges
[    0.000000]   node   0: [mem 0x0000000000001000-0x000000000009efff]
[    0.000000]   node   0: [mem 0x0000000000100000-0x000000003ffeffff]
[    0.000000] Reserved but unavailable: 98 pages
[    0.000000] Initmem setup node 0 [mem 0x0000000000001000-0x000000003ffeffff]
[    0.000000] ACPI: PM-Timer IO Port: 0x4008
[    0.000000] IOAPIC[0]: apic_id 2, version 32, address 0xfec00000, GSI 0-23
[    0.000000] ACPI: INT_SRC_OVR (bus 0 bus_irq 0 global_irq 2 dfl dfl)
[    0.000000] ACPI: INT_SRC_OVR (bus 0 bus_irq 9 global_irq 9 low level)
[    0.000000] Using ACPI (MADT) for SMP configuration information
[    0.000000] smpboot: Allowing 2 CPUs, 0 hotplug CPUs
[    0.000000] PM: Registered nosave memory: [mem 0x00000000-0x00000fff]
[    0.000000] PM: Registered nosave memory: [mem 0x0009f000-0x0009ffff]
[    0.000000] PM: Registered nosave memory: [mem 0x000a0000-0x000effff]
[    0.000000] PM: Registered nosave memory: [mem 0x000f0000-0x000fffff]
[    0.000000] e820: [mem 0x40000000-0xfebfffff] available for PCI devices
[    0.000000] Booting paravirtualized kernel on KVM
[    0.000000] clocksource: refined-jiffies: mask: 0xffffffff max_cycles: 0xffffffff, max_idle_ns: 7645519600211568 ns
[    0.000000] random: get_random_bytes called from start_kernel+0x99/0x500 with crng_init=0
[    0.000000] setup_percpu: NR_CPUS:8192 nr_cpumask_bits:2 nr_cpu_ids:2 nr_node_ids:1
[    0.000000] percpu: Embedded 45 pages/cpu s147456 r8192 d28672 u1048576
[    0.000000] PV qspinlock hash table entries: 256 (order: 0, 4096 bytes)
[    0.000000] Built 1 zonelists, mobility grouping on.  Total pages: 257913
[    0.000000] Policy zone: DMA32
[    0.000000] Kernel command line: BOOT_IMAGE=/boot/vmlinuz-4.15.0-124-generic root=LABEL=cloudimg-rootfs ro console=tty1 console=ttyS0
[    0.000000] Memory: 983032K/1048120K available (12300K kernel code, 2482K rwdata, 4272K rodata, 2436K init, 2724K bss, 65088K reserved, 0K cma-reserved)
[    0.000000] SLUB: HWalign=64, Order=0-3, MinObjects=0, CPUs=2, Nodes=1
[    0.000000] Kernel/User page tables isolation: enabled
[    0.000000] ftrace: allocating 39402 entries in 154 pages
[    0.004000] Hierarchical RCU implementation.
[    0.004000] 	RCU restricting CPUs from NR_CPUS=8192 to nr_cpu_ids=2.
[    0.004000] 	Tasks RCU enabled.
[    0.004000] RCU: Adjusting geometry for rcu_fanout_leaf=16, nr_cpu_ids=2
[    0.004000] NR_IRQS: 524544, nr_irqs: 440, preallocated irqs: 16
[    0.004000] Console: colour VGA+ 80x25
[    0.004000] console [tty1] enabled
[    0.004000] console [ttyS0] enabled
[    0.004000] ACPI: Core revision 20170831
[    0.004000] ACPI: 2 ACPI AML tables successfully acquired and loaded
[    0.004000] APIC: Switch to symmetric I/O mode setup
[    0.004000] x2apic enabled
[    0.004000] Switched APIC routing to physical x2apic.
[    0.004000] ..TIMER: vector=0x30 apic1=0 pin1=2 apic2=-1 pin2=-1
[    0.004005] tsc: Detected 2585.428 MHz processor
[    0.004921] Calibrating delay loop (skipped) preset value.. 5170.85 BogoMIPS (lpj=10341712)
[    0.005508] pid_max: default: 32768 minimum: 301
[    0.006305] Security Framework initialized
[    0.008006] Yama: becoming mindful.
[    0.008824] AppArmor: AppArmor initialized
[    0.010732] Dentry cache hash table entries: 131072 (order: 8, 1048576 bytes)
[    0.012085] Inode-cache hash table entries: 65536 (order: 7, 524288 bytes)
[    0.013653] Mount-cache hash table entries: 2048 (order: 2, 16384 bytes)
[    0.014919] Mountpoint-cache hash table entries: 2048 (order: 2, 16384 bytes)
[    0.016280] Last level iTLB entries: 4KB 1024, 2MB 1024, 4MB 1024
[    0.017674] Last level dTLB entries: 4KB 1024, 2MB 1024, 4MB 1024, 1GB 4
[    0.020004] Spectre V1 : Mitigation: usercopy/swapgs barriers and __user pointer sanitization
[    0.021652] Spectre V2 : Mitigation: Full generic retpoline
[    0.023264] Spectre V2 : Spectre v2 / SpectreRSB mitigation: Filling RSB on context switch
[    0.024005] Speculative Store Bypass: Vulnerable
[    0.025573] SRBDS: Unknown: Dependent on hypervisor status
[    0.026635] MDS: Mitigation: Clear CPU buffers
[    0.028181] Freeing SMP alternatives memory: 36K
[    0.140000] smpboot: CPU0: Intel(R) Core(TM) i5-4310U CPU @ 2.00GHz (family: 0x6, model: 0x45, stepping: 0x1)
[    0.140000] Performance Events: unsupported p6 CPU model 69 no PMU driver, software events only.
[    0.140048] Hierarchical SRCU implementation.
[    0.141647] NMI watchdog: Perf event create on CPU 0 failed with -2
[    0.143026] NMI watchdog: Perf NMI watchdog permanently disabled
[    0.144060] smp: Bringing up secondary CPUs ...
[    0.145059] x86: Booting SMP configuration:
[    0.145909] .... node  #0, CPUs:      #1
[    0.004000] kvm-clock: cpu 1, msr 0:3ff44041, secondary cpu clock
[    0.150738] smp: Brought up 1 node, 2 CPUs
[    0.150738] smpboot: Max logical packages: 1
[    0.152016] smpboot: Total of 2 processors activated (10341.71 BogoMIPS)
[    0.153613] devtmpfs: initialized
[    0.156065] x86/mm: Memory block size: 128MB
[    0.157099] evm: security.selinux
[    0.157806] evm: security.SMACK64
[    0.158494] evm: security.SMACK64EXEC
[    0.159559] evm: security.SMACK64TRANSMUTE
[    0.160005] evm: security.SMACK64MMAP
[    0.160772] evm: security.apparmor
[    0.161475] evm: security.ima
[    0.162102] evm: security.capability
[    0.164109] clocksource: jiffies: mask: 0xffffffff max_cycles: 0xffffffff, max_idle_ns: 7645041785100000 ns
[    0.166015] futex hash table entries: 512 (order: 3, 32768 bytes)
[    0.168022] pinctrl core: initialized pinctrl subsystem
[    0.169193] RTC time: 10:06:09, date: 01/01/21
[    0.170846] NET: Registered protocol family 16
[    0.172087] audit: initializing netlink subsys (disabled)
[    0.173196] audit: type=2000 audit(1609495574.593:1): state=initialized audit_enabled=0 res=1
[    0.180030] cpuidle: using governor ladder
[    0.181017] cpuidle: using governor menu
[    0.184068] ACPI: bus type PCI registered
[    0.185017] acpiphp: ACPI Hot Plug PCI Controller Driver version: 0.5
[    0.187473] PCI: Using configuration type 1 for base access
[    0.190007] HugeTLB registered 2.00 MiB page size, pre-allocated 0 pages
[    0.192138] ACPI: Added _OSI(Module Device)
[    0.193108] ACPI: Added _OSI(Processor Device)
[    0.194153] ACPI: Added _OSI(3.0 _SCP Extensions)
[    0.196005] ACPI: Added _OSI(Processor Aggregator Device)
[    0.197194] ACPI: Added _OSI(Linux-Dell-Video)
[    0.198198] ACPI: Added _OSI(Linux-Lenovo-NV-HDMI-Audio)
[    0.199485] ACPI: Added _OSI(Linux-HPI-Hybrid-Graphics)
[    0.200393] ACPI: Executed 1 blocks of module-level executable AML code
[    0.209325] ACPI: Interpreter enabled
[    0.210313] ACPI: (supports S0 S5)
[    0.211266] ACPI: Using IOAPIC for interrupt routing
[    0.212458] PCI: Using host bridge windows from ACPI; if necessary, use "pci=nocrs" and report a bug
[    0.216307] ACPI: Enabled 2 GPEs in block 00 to 07
[    0.230314] ACPI: PCI Root Bridge [PCI0] (domain 0000 [bus 00-ff])
[    0.231748] acpi PNP0A03:00: _OSC: OS supports [ASPM ClockPM Segments MSI]
[    0.232883] acpi PNP0A03:00: _OSC: not requesting OS control; OS requires [ExtendedConfig ASPM ClockPM MSI]
[    0.236031] acpi PNP0A03:00: fail to add MMCONFIG information, can't access extended PCI configuration space under this bridge.
[    0.240623] PCI host bridge to bus 0000:00
[    0.241703] pci_bus 0000:00: root bus resource [io  0x0000-0x0cf7 window]
[    0.243224] pci_bus 0000:00: root bus resource [io  0x0d00-0xffff window]
[    0.244008] pci_bus 0000:00: root bus resource [mem 0x000a0000-0x000bffff window]
[    0.245733] pci_bus 0000:00: root bus resource [mem 0x40000000-0xfdffffff window]
[    0.248008] pci_bus 0000:00: root bus resource [bus 00-ff]
[    0.252791] pci 0000:00:01.1: legacy IDE quirk: reg 0x10: [io  0x01f0-0x01f7]
[    0.254463] pci 0000:00:01.1: legacy IDE quirk: reg 0x14: [io  0x03f6]
[    0.256015] pci 0000:00:01.1: legacy IDE quirk: reg 0x18: [io  0x0170-0x0177]
[    0.260012] pci 0000:00:01.1: legacy IDE quirk: reg 0x1c: [io  0x0376]
[    0.291308] pci 0000:00:07.0: quirk: [io  0x4000-0x403f] claimed by PIIX4 ACPI
[    0.292030] pci 0000:00:07.0: quirk: [io  0x4100-0x410f] claimed by PIIX4 SMB
[    0.313379] ACPI: PCI Interrupt Link [LNKA] (IRQs 5 9 10 *11)
[    0.319854] ACPI: PCI Interrupt Link [LNKB] (IRQs 5 9 *10 11)
[    0.320236] ACPI: PCI Interrupt Link [LNKC] (IRQs 5 *9 10 11)
[    0.321751] ACPI: PCI Interrupt Link [LNKD] (IRQs 5 9 10 *11)
[    0.324579] SCSI subsystem initialized
[    0.336041] pci 0000:00:02.0: vgaarb: setting as boot VGA device
[    0.339606] pci 0000:00:02.0: vgaarb: VGA device added: decodes=io+mem,owns=io+mem,locks=none
[    0.340017] pci 0000:00:02.0: vgaarb: bridge control possible
[    0.344009] vgaarb: loaded
[    0.344804] ACPI: bus type USB registered
[    0.348231] usbcore: registered new interface driver usbfs
[    0.352078] usbcore: registered new interface driver hub
[    0.356104] usbcore: registered new device driver usb
[    0.358773] EDAC MC: Ver: 3.0.0
[    0.360444] PCI: Using ACPI for IRQ routing
[    0.361403] NetLabel: Initializing
[    0.362439] NetLabel:  domain hash size = 128
[    0.364012] NetLabel:  protocols = UNLABELED CIPSOv4 CALIPSO
[    0.365361] NetLabel:  unlabeled traffic allowed by default
[    0.368102] clocksource: Switched to clocksource kvm-clock
[    0.391835] VFS: Disk quotas dquot_6.6.0
[    0.393338] VFS: Dquot-cache hash table entries: 512 (order 0, 4096 bytes)
[    0.395084] AppArmor: AppArmor Filesystem Enabled
[    0.398048] pnp: PnP ACPI init
[    0.401897] pnp: PnP ACPI: found 3 devices
[    0.419818] clocksource: acpi_pm: mask: 0xffffff max_cycles: 0xffffff, max_idle_ns: 2085701024 ns
[    0.425177] NET: Registered protocol family 2
[    0.427259] TCP established hash table entries: 8192 (order: 4, 65536 bytes)
[    0.430541] TCP bind hash table entries: 8192 (order: 5, 131072 bytes)
[    0.434940] TCP: Hash tables configured (established 8192 bind 8192)
[    0.438566] UDP hash table entries: 512 (order: 2, 16384 bytes)
[    0.440996] UDP-Lite hash table entries: 512 (order: 2, 16384 bytes)
[    0.444068] NET: Registered protocol family 1
[    0.446427] pci 0000:00:00.0: Limiting direct PCI/PCI transfers
[    0.448003] pci 0000:00:01.0: Activating ISA DMA hang workarounds
[    0.450165] pci 0000:00:02.0: Video device with shadowed ROM at [mem 0x000c0000-0x000dffff]
[    0.455051] Unpacking initramfs...
[    0.818415] Freeing initrd memory: 19216K
[    0.819283] clocksource: tsc: mask: 0xffffffffffffffff max_cycles: 0x2544767bfa6, max_idle_ns: 440795332770 ns
[    0.821010] platform rtc_cmos: registered platform RTC device (no PNP device found)
[    0.822794] Scanning for low memory corruption every 60 seconds
[    0.824645] Initialise system trusted keyrings
[    0.825448] Key type blacklist registered
[    0.826557] workingset: timestamp_bits=36 max_order=18 bucket_order=0
[    0.828965] zbud: loaded
[    0.830075] squashfs: version 4.0 (2009/01/31) Phillip Lougher
[    0.831619] fuse init (API version 7.26)
[    0.835381] Key type asymmetric registered
[    0.836189] Asymmetric key parser 'x509' registered
[    0.837090] Block layer SCSI generic (bsg) driver version 0.4 loaded (major 246)
[    0.838629] io scheduler noop registered
[    0.839412] io scheduler deadline registered
[    0.840201] io scheduler cfq registered (default)
[    0.841725] ACPI: AC Adapter [AC] (on-line)
[    0.842963] input: Power Button as /devices/LNXSYSTM:00/LNXPWRBN:00/input/input0
[    0.844614] ACPI: Power Button [PWRF]
[    0.845499] input: Sleep Button as /devices/LNXSYSTM:00/LNXSLPBN:00/input/input1
[    0.847156] ACPI: Sleep Button [SLPF]
[    0.850028] ACPI: Battery Slot [BAT0] (battery present)
[    0.851255] Serial: 8250/16550 driver, 32 ports, IRQ sharing enabled
[    0.873314] 00:02: ttyS0 at I/O 0x3f8 (irq = 4, base_baud = 115200) is a 16550A
[    0.877914] Linux agpgart interface v0.103
[    0.880303] loop: module loaded
[    0.881590] scsi host0: ata_piix
[    0.882360] scsi host1: ata_piix
[    0.882977] ata1: PATA max UDMA/33 cmd 0x1f0 ctl 0x3f6 bmdma 0xd000 irq 14
[    0.884256] ata2: PATA max UDMA/33 cmd 0x170 ctl 0x376 bmdma 0xd008 irq 15
[    0.885562] libphy: Fixed MDIO Bus: probed
[    0.886295] tun: Universal TUN/TAP device driver, 1.6
[    0.887223] PPP generic driver version 2.4.2
[    0.888199] ehci_hcd: USB 2.0 'Enhanced' Host Controller (EHCI) Driver
[    0.889597] ehci-pci: EHCI PCI platform driver
[    0.890588] ehci-platform: EHCI generic platform driver
[    0.891549] ohci_hcd: USB 1.1 'Open' Host Controller (OHCI) Driver
[    0.893310] ohci-pci: OHCI PCI platform driver
[    0.894201] ohci-platform: OHCI generic platform driver
[    0.895463] uhci_hcd: USB Universal Host Controller Interface driver
[    0.896965] i8042: PNP: PS/2 Controller [PNP0303:PS2K,PNP0f03:PS2M] at 0x60,0x64 irq 1,12
[    0.899215] serio: i8042 KBD port at 0x60,0x64 irq 1
[    0.900196] serio: i8042 AUX port at 0x60,0x64 irq 12
[    0.901253] mousedev: PS/2 mouse device common for all mice
[    0.902648] input: AT Translated Set 2 keyboard as /devices/platform/i8042/serio0/input/input2
[    0.904793] rtc_cmos rtc_cmos: rtc core: registered rtc_cmos as rtc0
[    0.906402] rtc_cmos rtc_cmos: alarms up to one day, 114 bytes nvram
[    0.907550] i2c /dev entries driver
[    0.908365] device-mapper: uevent: version 1.0.3
[    0.909727] device-mapper: ioctl: 4.37.0-ioctl (2017-09-20) initialised: dm-devel@redhat.com
[    0.911773] ledtrig-cpu: registered to indicate activity on CPUs
[    0.913631] NET: Registered protocol family 10
[    0.919126] Segment Routing with IPv6
[    0.919940] NET: Registered protocol family 17
[    0.920928] Key type dns_resolver registered
[    0.922465] mce: Using 0 MCE banks
[    0.923330] RAS: Correctable Errors collector initialized.
[    0.924404] sched_clock: Marking stable (924357550, 0)->(1121847790, -197490240)
[    0.926269] registered taskstats version 1
[    0.927209] Loading compiled-in X.509 certificates
[    0.932252] Loaded X.509 cert 'Build time autogenerated kernel key: be62403dcace2d46f96dafa9f42421c610ef3c2a'
[    0.934337] zswap: loaded using pool lzo/zbud
[    0.945151] Key type big_key registered
[    0.945981] Key type trusted registered
[    0.948833] Key type encrypted registered
[    0.949616] AppArmor: AppArmor sha1 policy hashing enabled
[    0.950578] ima: No TPM chip found, activating TPM-bypass! (rc=-19)
[    0.951884] ima: Allocated hash algorithm: sha1
[    0.952923] evm: HMAC attrs: 0x1
[    0.953942]   Magic number: 5:167:122
[    0.954822] acpi LNXSYBUS:00: hash matches
[    0.955953] rtc_cmos rtc_cmos: setting system clock to 2021-01-01 10:06:10 UTC (1609495570)
[    0.958128] BIOS EDD facility v0.16 2004-Jun-25, 0 devices found
[    0.959576] EDD information not available.
[    1.071630] Freeing unused kernel image memory: 2436K
[    1.156163] Write protecting the kernel read-only data: 20480k
[    1.161631] Freeing unused kernel image memory: 2008K
[    1.164122] Freeing unused kernel image memory: 1872K
[    1.173529] x86/mm: Checked W+X mappings: passed, no W+X pages found.
[    1.174877] x86/mm: Checking user space page tables
[    1.182560] x86/mm: Checked W+X mappings: passed, no W+X pages found.
Loading, please wait...
starting version 237
[    1.268202] e1000: Intel(R) PRO/1000 Network Driver - version 7.3.21-k8-NAPI
[    1.269658] e1000: Copyright (c) 1999-2006 Intel Corporation.
[    1.275074] Fusion MPT base driver 3.04.20
[    1.276214] Copyright (c) 1999-2008 LSI Corporation
[    1.285240] Fusion MPT SPI Host driver 3.04.20
[    1.291378] AVX2 version of gcm_enc/dec engaged.
[    1.292514] AES CTR mode by8 optimization enabled
[    1.485472] input: ImExPS/2 Generic Explorer Mouse as /devices/platform/i8042/serio1/input/input4
[    1.677866] e1000 0000:00:03.0 eth0: (PCI:33MHz:32-bit) 02:60:71:1d:34:36
[    1.679314] e1000 0000:00:03.0 eth0: Intel(R) PRO/1000 Network Connection
[    2.061805] e1000 0000:00:08.0 eth1: (PCI:33MHz:32-bit) 08:00:27:db:47:97
[    2.063208] e1000 0000:00:08.0 eth1: Intel(R) PRO/1000 Network Connection
[    2.065785] e1000 0000:00:03.0 enp0s3: renamed from eth0
[    2.072112] mptbase: ioc0: Initiating bringup
[    2.094373] e1000 0000:00:08.0 enp0s8: renamed from eth1
[    2.168541] ioc0: LSI53C1030 A0: Capabilities={Initiator}
[    2.410891] scsi host2: ioc0: LSI53C1030 A0, FwRev=00000000h, Ports=1, MaxQ=256, IRQ=20
[    2.580969] scsi 2:0:0:0: Direct-Access     VBOX     HARDDISK         1.0  PQ: 0 ANSI: 5
[    2.833709] scsi target2:0:0: Beginning Domain Validation
[    2.838421] scsi target2:0:0: Domain Validation skipping write tests
[    2.841585] scsi target2:0:0: Ending Domain Validation
[    2.842728] scsi target2:0:0: asynchronous
[    2.843930] scsi 2:0:1:0: Direct-Access     VBOX     HARDDISK         1.0  PQ: 0 ANSI: 5
[    3.834117] scsi target2:0:1: Beginning Domain Validation
[    3.836380] random: fast init done
[    3.837168] scsi target2:0:1: Domain Validation skipping write tests
[    3.838402] scsi target2:0:1: Ending Domain Validation
[    3.839491] scsi target2:0:1: asynchronous
[    3.844399] random: systemd-udevd: uninitialized urandom read (16 bytes read)
[    3.844498] sd 2:0:0:0: Attached scsi generic sg0 type 0
[    3.845898] random: systemd-udevd: uninitialized urandom read (16 bytes read)
[    3.847004] sd 2:0:1:0: [sdb] 20480 512-byte logical blocks: (10.5 MB/10.0 MiB)
[    3.848260] random: systemd-udevd: uninitialized urandom read (16 bytes read)
[    3.849782] sd 2:0:1:0: [sdb] Write Protect is off
[    3.852376] sd 2:0:1:0: Attached scsi generic sg1 type 0
[    3.852455] sd 2:0:1:0: [sdb] Incomplete mode parameter data
[    3.855326] sd 2:0:0:0: [sda] 20971520 512-byte logical blocks: (10.7 GB/10.0 GiB)
[    3.856776] sd 2:0:1:0: [sdb] Assuming drive cache: write through
[    3.860263] sd 2:0:0:0: [sda] Write Protect is off
[    3.861681] sd 2:0:0:0: [sda] Incomplete mode parameter data
[    3.862646] sd 2:0:0:0: [sda] Assuming drive cache: write through
[    3.883101]  sda: sda1
[    3.885344] sd 2:0:0:0: [sda] Attached SCSI disk
[    3.888525] sd 2:0:1:0: [sdb] Attached SCSI disk
Begin: Loading essential drivers ... [    5.492425] raid6: sse2x1   gen()  8724 MB/s
[    5.540853] raid6: sse2x1   xor()  5340 MB/s
[    5.592202] raid6: sse2x2   gen() 10232 MB/s
[    5.643911] raid6: sse2x2   xor()  6791 MB/s
[    5.700434] raid6: sse2x4   gen() 10141 MB/s
[    5.748110] raid6: sse2x4   xor()  6301 MB/s
[    5.799799] raid6: avx2x1   gen() 16381 MB/s
[    5.863063] raid6: avx2x1   xor() 10908 MB/s
[    5.920594] raid6: avx2x2   gen() 10359 MB/s
[    5.968230] raid6: avx2x2   xor()  6811 MB/s
[    6.016628] raid6: avx2x4   gen()  7633 MB/s
[    6.068327] raid6: avx2x4   xor()  6450 MB/s
[    6.070789] raid6: using algorithm avx2x1 gen() 16381 MB/s
[    6.075235] raid6: .... xor() 10908 MB/s, rmw enabled
[    6.078565] raid6: using avx2x2 recovery algorithm
[    6.102251] xor: automatically using best checksumming function   avx       
[    6.119573] async_tx: api initialized (async)
done.
Begin: Running /scripts/init-premount ... done.
Begin: Mounting root file system ... Begin: Running /scripts/local-top ... done.
Begin: Running /scripts/local-premount ... [    6.237396] Btrfs loaded, crc32c=crc32c-intel
Scanning for Btrfs filesystems
done.
Warning: fsck not present, so skipping root file system
[    6.418339] EXT4-fs (sda1): mounted filesystem with ordered data mode. Opts: (null)
done.
Begin: Running /scripts/local-bottom ... done.
Begin: Running /scripts/init-bottom ... done.
[    7.783544] ip_tables: (C) 2000-2006 Netfilter Core Team
[    7.906413] systemd[1]: systemd 237 running in system mode. (+PAM +AUDIT +SELINUX +IMA +APPARMOR +SMACK +SYSVINIT +UTMP +LIBCRYPTSETUP +GCRYPT +GNUTLS +ACL +XZ +LZ4 +SECCOMP +BLKID +ELFUTILS +KMOD -IDN2 +IDN -PCRE2 default-hierarchy=hybrid)
[    7.911473] systemd[1]: Detected virtualization oracle.
[    7.914442] systemd[1]: Detected architecture x86-64.

Welcome to [1mUbuntu 18.04.5 LTS[0m!

[    7.962294] systemd[1]: Set hostname to <ubuntu>.
[    8.005755] systemd[1]: Initializing machine ID from random generator.
[    8.006929] systemd[1]: Installed transient /etc/machine-id file.
[    8.318219] random: crng init done
[    8.319229] random: 7 urandom warning(s) missed due to ratelimiting
[   10.798482] systemd[1]: Started Forward Password Requests to Wall Directory Watch.
[[0;32m  OK  [0m] Started Forward Password Requests to Wall Directory Watch.
[   10.803079] systemd[1]: Reached target User and Group Name Lookups.
[[0;32m  OK  [0m] Reached target User and Group Name Lookups.
[   10.805525] systemd[1]: Set up automount Arbitrary Executable File Formats File System Automount Point.
[[0;32m  OK  [0m] Set up automount Arbitrary Executabâ€¦rmats File System Automount Point.
[   10.808227] systemd[1]: Reached target System Time Synchronized.
[[0;32m  OK  [0m] Reached target System Time Synchronized.
[[0;32m  OK  [0m] Created slice System Slice.
[[0;32m  OK  [0m] Listening on LVM2 metadata daemon socket.
[[0;32m  OK  [0m] Listening on Journal Socket.
         Starting Load Kernel Modules...
         Mounting POSIX Message Queue File System...
[[0;32m  OK  [0m] Listening on udev Control Socket.
[[0;32m  OK  [0m] Listening on Network Service Netlink Socket.
[[0;32m  OK  [0m] Listening on /dev/initctl Compatibility Named Pipe.
[[0;32m  OK  [0m] Listening on udev Kernel Socket.
         Starting Uncomplicated firewall...
[[0;32m  OK  [0m] Created slice system-serial\x2dgetty.slice.
[[0;32m  OK  [0m] Listening on LVM2 poll daemon socket.
         Mounting Huge Pages File System...
         Starting Set the console keyboard layout...
[[0;32m  OK  [0m] Listening on Syslog Socket.
         Starting udev Coldplug all Devices...
[[0;32m  OK  [0m] Listening on Journal Socket (/dev/log).
[[0;32m  OK  [0m] Listening on Journal Audit Socket.
         Starting Journal Service...
         Mounting Kernel Debug File System...
[[0;32m  OK  [0m] Created slice User and Session Slice.
[[0;32m  OK  [0m] Reached target Slices.
         Starting Create list of required stâ€¦ce nodes for the current kernel...
         Starting Remount Root and Kernel File Systems...
[[0;32m  OK  [0m] Listening on Device-mapper event daemon FIFOs.
         Starting Monitoring of LVM2 mirrorsâ€¦ng dmeventd or progress polling...
[[0;32m  OK  [0m] Reached target Swap.
[[0;32m  OK  [0m] Mounted POSIX Message Queue File System.
[[0;32m  OK  [0m] Mounted Huge Pages File System.
[[0;32m  OK  [0m] Mounted Kernel Debug File System.
[   11.039506] Loading iSCSI transport class v2.0-870.
[[0;32m  OK  [0m] Started Uncomplicated firewall.
[[0;32m  OK  [0m] Started udev Coldplug all Devices.
[[0;32m  OK  [0m] Started Journal Service.
[[0;32m  OK  [0m] Started Create list of required staâ€¦vice nodes for the current kernel.
         Starting Create Static Device Nodes in /dev...
[   11.481219] iscsi: registered transport (tcp)
[   11.550541] EXT4-fs (sda1): re-mounted. Opts: (null)
[[0;32m  OK  [0m] Started Remount Root and Kernel File Systems.
         Starting Load/Save Random Seed...
         Starting Flush Journal to Persistent Storage...
[[0;32m  OK  [0m] Started Load/Save Random Seed.
[   11.810115] systemd-journald[414]: Received request to flush runtime journal from PID 1
[   11.920710] iscsi: registered transport (iser)
[[0;32m  OK  [0m] Started Load Kernel Modules.
         Starting Apply Kernel Variables...
         Mounting FUSE Control File System...
         Mounting Kernel Configuration File System...
[[0;32m  OK  [0m] Mounted FUSE Control File System.
[[0;32m  OK  [0m] Mounted Kernel Configuration File System.
[[0;32m  OK  [0m] Started LVM2 metadata daemon.
[[0;32m  OK  [0m] Started Apply Kernel Variables.
[[0;32m  OK  [0m] Started Flush Journal to Persistent Storage.
[[0;32m  OK  [0m] Started Create Static Device Nodes in /dev.
         Starting udev Kernel Device Manager...
[[0;32m  OK  [0m] Started Monitoring of LVM2 mirrors,â€¦sing dmeventd or progress polling.
[[0;32m  OK  [0m] Started udev Kernel Device Manager.
[[0;32m  OK  [0m] Found device /dev/ttyS0.
[[0;32m  OK  [0m] Listening on Load/Save RF Kill Switch Status /dev/rfkill Watch.
[[0;32m  OK  [0m] Started Set the console keyboard layout.
[[0;32m  OK  [0m] Reached target Local File Systems (Pre).
[[0;32m  OK  [0m] Reached target Local File Systems.
         Starting AppArmor initialization...
         Starting ebtables ruleset management...
         Starting Commit a transient machine-id on disk...
         Starting Tell Plymouth To Write Out Runtime Data...
         Starting Set console font and keymap...
         Starting Create Volatile Files and Directories...
[[0;32m  OK  [0m] Started Dispatch Password Requests to Console Directory Watch.
[[0;32m  OK  [0m] Reached target Local Encrypted Volumes.
[[0;32m  OK  [0m] Started Tell Plymouth To Write Out Runtime Data.
[[0;32m  OK  [0m] Started Set console font and keymap.
[[0;32m  OK  [0m] Started Create Volatile Files and Directories.
         Starting Update UTMP about System Boot/Shutdown...
[[0;32m  OK  [0m] Started Update UTMP about System Boot/Shutdown.
[[0;32m  OK  [0m] Started Commit a transient machine-id on disk.
[[0;32m  OK  [0m] Started ebtables ruleset management.
[[0;32m  OK  [0m] Started AppArmor initialization.
         Starting Load AppArmor profiles managed internally by snapd...
         Starting Initial cloud-init job (pre-networking)...
[[0;32m  OK  [0m] Started Load AppArmor profiles managed internally by snapd.
[   24.147911] cloud-init[682]: Cloud-init v. 20.3-2-g371b392c-0ubuntu1~18.04.1 running 'init-local' at Fri, 01 Jan 2021 10:06:32 +0000. Up 22.96 seconds.
[[0;32m  OK  [0m] Started Initial cloud-init job (pre-networking).
[[0;32m  OK  [0m] Reached target Network (Pre).
         Starting Network Service...
[[0;32m  OK  [0m] Started Network Service.
         Starting Wait for Network to be Configured...
         Starting Network Name Resolution...
[[0;32m  OK  [0m] Started Network Name Resolution.
[[0;32m  OK  [0m] Reached target Host and Network Name Lookups.
[[0;32m  OK  [0m] Reached target Network.
[[0;32m  OK  [0m] Started Wait for Network to be Configured.
         Starting Initial cloud-init job (metadata service crawler)...
[   27.389264] cloud-init[813]: Cloud-init v. 20.3-2-g371b392c-0ubuntu1~18.04.1 running 'init' at Fri, 01 Jan 2021 10:06:36 +0000. Up 27.07 seconds.
[   27.394083] cloud-init[813]: ci-info: ++++++++++++++++++++++++++++++++++++++Net device info+++++++++++++++++++++++++++++++++++++++
[   27.396892] cloud-init[813]: ci-info: +--------+-------+----------------------------+---------------+--------+-------------------+
[   27.398422] cloud-init[813]: ci-info: | Device |   Up  |          Address           |      Mask     | Scope  |     Hw-Address    |
[   27.403680] cloud-init[813]: ci-info: +--------+-------+----------------------------+---------------+--------+-------------------+
[   27.405390] cloud-init[813]: ci-info: | enp0s3 |  True |         10.0.2.15          | 255.255.255.0 | global | 02:60:71:1d:34:36 |
[   27.420258] cloud-init[813]: ci-info: | enp0s3 |  True | fe80::60:71ff:fe1d:3436/64 |       .       |  link  | 02:60:71:1d:34:36 |
[   27.432276] cloud-init[813]: ci-info: | enp0s8 | False |             .              |       .       |   .    | 08:00:27:db:47:97 |
[   27.435070] cloud-init[813]: ci-info: |   lo   |  True |         127.0.0.1          |   255.0.0.0   |  host  |         .         |
[   27.436839] cloud-init[813]: ci-info: |   lo   |  True |          ::1/128           |       .       |  host  |         .         |
[   27.438499] cloud-init[813]: ci-info: +--------+-------+----------------------------+---------------+--------+-------------------+
[   27.441271] cloud-init[813]: ci-info: ++++++++++++++++++++++++++++Route IPv4 info+++++++++++++++++++++++++++++
[   27.442698] cloud-init[813]: ci-info: +-------+-------------+----------+-----------------+-----------+-------+
[   27.452375] cloud-init[813]: ci-info: | Route | Destination | Gateway  |     Genmask     | Interface | Flags |
[   27.453580] cloud-init[813]: ci-info: +-------+-------------+----------+-----------------+-----------+-------+
[   27.455221] cloud-init[813]: ci-info: |   0   |   0.0.0.0   | 10.0.2.2 |     0.0.0.0     |   enp0s3  |   UG  |
[   27.456302] cloud-init[813]: ci-info: |   1   |   10.0.2.0  | 0.0.0.0  |  255.255.255.0  |   enp0s3  |   U   |
[   27.457212] cloud-init[813]: ci-info: |   2   |   10.0.2.2  | 0.0.0.0  | 255.255.255.255 |   enp0s3  |   UH  |
[   27.458835] cloud-init[813]: ci-info: +-------+-------------+----------+-----------------+-----------+-------+
[   27.460762] cloud-init[813]: ci-info: +++++++++++++++++++Route IPv6 info+++++++++++++++++++
[   27.462504] cloud-init[813]: ci-info: +-------+-------------+---------+-----------+-------+
[   27.464040] cloud-init[813]: ci-info: | Route | Destination | Gateway | Interface | Flags |
[   27.465468] cloud-init[813]: ci-info: +-------+-------------+---------+-----------+-------+
[   27.466832] cloud-init[813]: ci-info: |   1   |  fe80::/64  |    ::   |   enp0s3  |   U   |
[   27.469407] cloud-init[813]: ci-info: |   3   |    local    |    ::   |   enp0s3  |   U   |
[   27.471795] cloud-init[813]: ci-info: |   4   |   ff00::/8  |    ::   |   enp0s3  |   U   |
[   27.473363] cloud-init[813]: ci-info: +-------+-------------+---------+-----------+-------+
[   30.605853] cloud-init[813]: Generating public/private rsa key pair.
[   30.620361] cloud-init[813]: Your identification has been saved in /etc/ssh/ssh_host_rsa_key.
[   30.625446] cloud-init[813]: Your public key has been saved in /etc/ssh/ssh_host_rsa_key.pub.
[   30.640654] cloud-init[813]: The key fingerprint is:
[   30.661456] cloud-init[813]: SHA256:cgDny9PsZW8CXcUz5frJBKi0NUtIPVRuFT9iwQj5Co0 root@ubuntu-bionic
[   30.663057] cloud-init[813]: The key's randomart image is:
[   30.663848] cloud-init[813]: +---[RSA 2048]----+
[   30.664512] cloud-init[813]: |    . .  o=.++.+o|
[   30.665195] cloud-init[813]: |     +  ...+oo*..|
[   30.665891] cloud-init[813]: |      o oo.=o* +o|
[   30.666559] cloud-init[813]: |     . E.o=o= o..|
[   30.667532] cloud-init[813]: |      = So=.  .. |
[   30.668200] cloud-init[813]: |       = = .  o..|
[   30.669794] cloud-init[813]: |        . . o  o.|
[   30.670434] cloud-init[813]: |           o     |
[   30.671062] cloud-init[813]: |                 |
[   30.671641] cloud-init[813]: +----[SHA256]-----+
[   30.672295] cloud-init[813]: Generating public/private dsa key pair.
[   30.673033] cloud-init[813]: Your identification has been saved in /etc/ssh/ssh_host_dsa_key.
[   30.674218] cloud-init[813]: Your public key has been saved in /etc/ssh/ssh_host_dsa_key.pub.
[   30.675587] cloud-init[813]: The key fingerprint is:
[   30.676240] cloud-init[813]: SHA256:nZQRK6BChcQqkWCAHqfOuwN8y2/PA2oKusAOOVwXd4g root@ubuntu-bionic
[   30.677420] cloud-init[813]: The key's randomart image is:
[   30.678362] cloud-init[813]: +---[DSA 1024]----+
[   30.679144] cloud-init[813]: |*=oo. .   o.     |
[   30.679953] cloud-init[813]: |=oo. ....  +     |
[   30.680747] cloud-init[813]: |.o= .E o..+      |
[   30.681670] cloud-init[813]: |oo .  o .+ .     |
[   30.682478] cloud-init[813]: |=  . .  S o      |
[   30.692970] cloud-init[813]: |+=....           |
[   30.694427] cloud-init[813]: |Bo+ o .          |
[   30.695378] cloud-init[813]: |*+ = ...         |
[   30.697600] cloud-init[813]: |o== o..o.        |
[   30.698335] cloud-init[813]: +----[SHA256]-----+
[   30.699038] cloud-init[813]: Generating public/private ecdsa key pair.
[   30.700111] cloud-init[813]: Your identification has been saved in /etc/ssh/ssh_host_ecdsa_key.
[   30.701512] cloud-init[813]: Your public key has been saved in /etc/ssh/ssh_host_ecdsa_key.pub.
[   30.703325] cloud-init[813]: The key fingerprint is:
[   30.703846] cloud-init[813]: SHA256:qIlHqqEO2el3EutcMID0wTvF5DwYkdi13MyoRaBZPOs root@ubuntu-bionic
[   30.704875] cloud-init[813]: The key's randomart image is:
[   30.706101] cloud-init[813]: +---[ECDSA 256]---+
[   30.706760] cloud-init[813]: | .=*B+           |
[   30.707633] cloud-init[813]: |.o=*Oo*          |
[   30.708500] cloud-init[813]: |.o.o=O +         |
[   30.709207] cloud-init[813]: |   =o ..         |
[   30.709828] cloud-init[813]: |  ..= . S        |
[   30.710598] cloud-init[813]: | o E.=           |
[   30.728241] cloud-init[813]: |+ = +o.          |
[[0;32m  OK  [0m] Started Initial cloud-init job (metadata service crawler).
[   30.745063] cloud-init[813]: |o+ o+..          |
[[0;32m  OK  [0m] Reached target System Initialization.
[   30.756427] cloud-init[813]: |+..ooo           |
[[0;32m  OK  [0m] Listening on ACPID Listen Socket.
[   30.759268] cloud-init[813]: +----[SHA256]-----+
[   30.760064] cloud-init[813]: Generating public/private ed25519 key pair.
[[0;32m  OK  [0m] Started ACPI Events Check.
[   30.772573] cloud-init[813]: Your identification has been saved in /etc/ssh/ssh_host_ed25519_key.
[[0;32m  OK  [0m] Started Daily Cleanup of Temporary Directories.
[[0;32m  OK  [0m] Started Discard unused blocks once a week.
[   30.780367] cloud-init[813]: Your public key has been saved in /etc/ssh/ssh_host_ed25519_key.pub.
[[0;32m  OK  [0m] Listening on UUID daemon activation socket.
[[0;32m  OK  [0m] Listening on D-Bus System Message Bus Socket.
[   30.784992] cloud-init[813]: The key fingerprint is:
[   30.786292] cloud-init[813]: SHA256:Nok2FnawC6NTjAi9GGq0Tx8K+YPL5dnA5PUlw80/dwQ root@ubuntu-bionic
[   30.796338] cloud-init[813]: The key's randomart image is:
[   30.797343] cloud-init[813]: +--[ED25519 256]--+
[   30.798323] cloud-init[813]: |..    .          |
[   30.799292] cloud-init[813]: |oo.o   o     E   |
[   30.800286] cloud-init[813]: |+o+.= = +     .  |
[   30.801247] cloud-init[813]: |o=.= * O =     . |
[   30.802325] cloud-init[813]: |. % + O S .   .  |
[   30.803162] cloud-init[813]: | . @ + + . o . . |
[   30.804276] cloud-init[813]: |. + =       o .  |
[   30.804990] cloud-init[813]: | o o .           |
[   30.805749] cloud-init[813]: |                 |
[   30.806691] cloud-init[813]: +----[SHA256]-----+
         Starting LXD - unix socket.
[[0;32m  OK  [0m] Started Message of the Day.
         Starting Socket activation for snappy daemon.
[[0;32m  OK  [0m] Started Daily apt download activities.
[[0;32m  OK  [0m] Started Daily apt upgrade and clean activities.
[[0;32m  OK  [0m] Reached target Paths.
[[0;32m  OK  [0m] Listening on Open-iSCSI iscsid Socket.
[[0;32m  OK  [0m] Reached target Timers.
[[0;32m  OK  [0m] Reached target Network is Online.
[[0;32m  OK  [0m] Reached target Remote File Systems (Pre).
[[0;32m  OK  [0m] Reached target Remote File Systems.
         Starting Availability of block devices...
[[0;32m  OK  [0m] Reached target Cloud-config availability.
[[0;32m  OK  [0m] Listening on LXD - unix socket.
[[0;32m  OK  [0m] Listening on Socket activation for snappy daemon.
[[0;32m  OK  [0m] Reached target Sockets.
[[0;32m  OK  [0m] Reached target Basic System.
[[0;32m  OK  [0m] Started Regular background program processing daemon.
         Starting LSB: Record successful boot for GRUB...
         Starting Dispatcher daemon for systemd-networkd...
[[0;32m  OK  [0m] Started FUSE filesystem for LXC.
         Starting Pollinate to seed the pseudo random number generator...
         Starting Permit User Sessions...
         Starting Virtualbox guest utils...
         Starting Accounts Service...
         Starting System Logging Service...
[[0;32m  OK  [0m] Started D-Bus System Message Bus.
         Starting LSB: automatic crash report generation...
[[0;32m  OK  [0m] Started Deferred execution scheduler.
         Starting Snap Daemon...
[[0;32m  OK  [0m] Started irqbalance daemon.
         Starting Login Service...
         Starting LXD - container startup/shutdown...
[[0;32m  OK  [0m] Started System Logging Service.
[[0;32m  OK  [0m] Started Availability of block devices.
[[0;32m  OK  [0m] Started Permit User Sessions.
[[0;32m  OK  [0m] Started Login Service.
[[0;32m  OK  [0m] Started Unattended Upgrades Shutdown.
         Starting Authorization Manager...
         Starting Hold until boot process finishes up...
         Starting Terminate Plymouth Boot Screen...
[[0;32m  OK  [0m] Started Hold until boot process finishes up.
         Starting Set console scheme...
[[0;32m  OK  [0m] Started Serial Getty on ttyS0.
[[0;32m  OK  [0m] Started Terminate Plymouth Boot Screen.
[[0;32m  OK  [0m] Started LSB: automatic crash report generation.
[[0;32m  OK  [0m] Started LSB: Record successful boot for GRUB.
[[0;32m  OK  [0m] Started Set console scheme.
[[0;32m  OK  [0m] Created slice system-getty.slice.
[[0;32m  OK  [0m] Started Getty on tty1.
[[0;32m  OK  [0m] Reached target Login Prompts.
[[0;32m  OK  [0m] Started Dispatcher daemon for systemd-networkd.
[[0;32m  OK  [0m] Started Authorization Manager.
[[0;32m  OK  [0m] Started Accounts Service.
[[0;32m  OK  [0m] Started Virtualbox guest utils.

Ubuntu 18.04.5 LTS ubuntu-bionic ttyS0

ubuntu-bionic login: [   47.323017] cloud-init[1635]: Cloud-init v. 20.3-2-g371b392c-0ubuntu1~18.04.1 running 'modules:config' at Fri, 01 Jan 2021 10:06:55 +0000. Up 46.21 seconds.
ci-info: no authorized SSH keys fingerprints found for user ubuntu.
<14>Jan  1 10:06:57 ec2: 
<14>Jan  1 10:06:57 ec2: #############################################################
<14>Jan  1 10:06:57 ec2: -----BEGIN SSH HOST KEY FINGERPRINTS-----
<14>Jan  1 10:06:57 ec2: 1024 SHA256:nZQRK6BChcQqkWCAHqfOuwN8y2/PA2oKusAOOVwXd4g root@ubuntu-bionic (DSA)
<14>Jan  1 10:06:57 ec2: 256 SHA256:qIlHqqEO2el3EutcMID0wTvF5DwYkdi13MyoRaBZPOs root@ubuntu-bionic (ECDSA)
<14>Jan  1 10:06:57 ec2: 256 SHA256:Nok2FnawC6NTjAi9GGq0Tx8K+YPL5dnA5PUlw80/dwQ root@ubuntu-bionic (ED25519)
<14>Jan  1 10:06:57 ec2: 2048 SHA256:cgDny9PsZW8CXcUz5frJBKi0NUtIPVRuFT9iwQj5Co0 root@ubuntu-bionic (RSA)
<14>Jan  1 10:06:57 ec2: -----END SSH HOST KEY FINGERPRINTS-----
<14>Jan  1 10:06:57 ec2: #############################################################
-----BEGIN SSH HOST KEY KEYS-----
ecdsa-sha2-nistp256 AAAAE2VjZHNhLXNoYTItbmlzdHAyNTYAAAAIbmlzdHAyNTYAAABBBJyZvMoDjB3SelZ8FSRKxWuB1azMY0Kzm/6LRZhuhjIsiCT9wEapwvNLrOPFU0FTjrWrarEwa5Az6Wqy0etAVZc= root@ubuntu-bionic
ssh-ed25519 AAAAC3NzaC1lZDI1NTE5AAAAIN1teP3Fh4T+RtGhW1bigvArXEe70+gz1iOdXoylSOOV root@ubuntu-bionic
ssh-rsa AAAAB3NzaC1yc2EAAAADAQABAAABAQCnCbuAMVzJH6KTbiclDcziyGA6pCk0LPILsPulFX08Apv0qTmnVW1mp3lUxiZZCs+HwlB8yvkeuK8FrLmxpqV4Lb4FugiU8LJlgRLy3Ph0aQmYhU+S21ttxZ9dgFM0WUQTguW7FluVZPoLM3Wotc4sDor6wyiYiPTKK16bCLtwo7vvBzcfyoaKnEKo2z1kdZl1rbG/xG9ENe2aZ7P4Y32/3P9/SsbqTDh6PhPTkO4T7a5KCprbEsm+soIiwcEc5cUp6byAwjC7ftgDDbbrAM7kDgeWgDn+fNwDAPNKBSutsm4SL836uJ3whp7fIhjcT2wMjnWAMlBEuYOqNV10o/F9 root@ubuntu-bionic
-----END SSH HOST KEY KEYS-----
[   48.081004] cloud-init[1812]: Cloud-init v. 20.3-2-g371b392c-0ubuntu1~18.04.1 running 'modules:final' at Fri, 01 Jan 2021 10:06:57 +0000. Up 47.87 seconds.
[   48.082440] cloud-init[1812]: ci-info: no authorized SSH keys fingerprints found for user ubuntu.
[   48.084191] cloud-init[1812]: Cloud-init v. 20.3-2-g371b392c-0ubuntu1~18.04.1 finished at Fri, 01 Jan 2021 10:06:57 +0000. Datasource DataSourceNoCloud [seed=/dev/sdb][dsmode=net].  Up 48.06 seconds
         Stopping Authorization Manager...
[[0;32m  OK  [0m] Stopped target Cloud-init target.
[[0;32m  OK  [0m] Stopped target Graphical Interface.
[[0;32m  OK  [0m] Stopped target Host and Network Name Lookups.
         Stopping User Manager for UID 1000...
[[0;32m  OK  [0m] Stopped target Timers.
         Stopping Session 45 of user vagrant.
         Stopping Accounts Service...
[[0;32m  OK  [0m] Stopped Daily apt upgrade and clean activities.
[[0;32m  OK  [0m] Stopped Daily Cleanup of Temporary Directories.
[[0;32m  OK  [0m] Stopped Message of the Day.
[[0;32m  OK  [0m] Stopped Execute cloud user/final scripts.
[[0;32m  OK  [0m] Stopped Apply the settings specified in cloud-config.
[[0;32m  OK  [0m] Stopped target Network is Online.
         Stopping Session 47 of user vagrant.
[[0;32m  OK  [0m] Stopped Daily apt download activities.
[[0;32m  OK  [0m] Stopped Discard unused blocks once a week.
[[0;32m  OK  [0m] Stopped target System Time Synchronized.
[[0;32m  OK  [0m] Stopped target Multi-User System.
         Stopping irqbalance daemon...
         Stopping LSB: automatic crash report generation...
[[0;32m  OK  [0m] Stopped Wait until snapd is fully seeded.
         Stopping OpenBSD Secure Shell server...
         Stopping System Logging Service...
         Stopping Deferred execution scheduler...
         Stopping LSB: Record successful boot for GRUB...
         Stopping Regular background program processing daemon...
         Stopping FUSE filesystem for LXC...
         Stopping Dispatcher daemon for systemd-networkd...
         Stopping LXD - container startup/shutdown...
[[0;32m  OK  [0m] Stopped target Login Prompts.
         Stopping Virtualbox guest utils...
         Stopping Getty on tty1...
         Stopping Unattended Upgrades Shutdown...
         Stopping Serial Getty on ttyS0...
         Stopping D-Bus System Message Bus...
[[0;32m  OK  [0m] Stopped target Cloud-config availability.
         Stopping MySQL Community Server...
         Stopping Hostname Service...
[[0;32m  OK  [0m] Closed Load/Save RF Kill Switch Status /dev/rfkill Watch.
         Stopping Availability of block devices...
[[0;32m  OK  [0m] Unmounted /var/lib/lxcfs.
[[0;32m  OK  [0m] Stopped Regular background program processing daemon.
[[0;32m  OK  [0m] Stopped Dispatcher daemon for systemd-networkd.
[[0;32m  OK  [0m] Stopped Accounts Service.
[[0;32m  OK  [0m] Stopped System Logging Service.
[[0;32m  OK  [0m] Stopped Deferred execution scheduler.
[[0;32m  OK  [0m] Stopped irqbalance daemon.
[[0;32m  OK  [0m] Stopped Unattended Upgrades Shutdown.
[[0;32m  OK  [0m] Stopped Authorization Manager.
[[0;32m  OK  [0m] Stopped Serial Getty on ttyS0.
[[0;32m  OK  [0m] Stopped Getty on tty1.
[[0;32m  OK  [0m] Stopped OpenBSD Secure Shell server.
[[0;32m  OK  [0m] Stopped Hostname Service.
[[0;32m  OK  [0m] Stopped User Manager for UID 1000.
[[0;32m  OK  [0m] Stopped D-Bus System Message Bus.
[[0;32m  OK  [0m] Stopped Session 45 of user vagrant.
[[0;32m  OK  [0m] Removed slice system-getty.slice.
[[0;32m  OK  [0m] Removed slice system-serial\x2dgetty.slice.
[[0;32m  OK  [0m] Stopped FUSE filesystem for LXC.
[[0;32m  OK  [0m] Stopped Session 47 of user vagrant.
[[0;32m  OK  [0m] Removed slice User Slice of vagrant.
         Stopping Login Service...
         Stopping Permit User Sessions...
[[0;32m  OK  [0m] Stopped LXD - container startup/shutdown.
[[0;32m  OK  [0m] Stopped Permit User Sessions.
[[0;32m  OK  [0m] Stopped Availability of block devices.
[[0;32m  OK  [0m] Stopped Login Service.
[[0;32m  OK  [0m] Stopped target User and Group Name Lookups.
[[0;32m  OK  [0m] Stopped LSB: Record successful boot for GRUB.
[[0;32m  OK  [0m] Stopped LSB: automatic crash report generation.
[[0;32m  OK  [0m] Stopped target Remote File Systems.
[[0;32m  OK  [0m] Stopped target Remote File Systems (Pre).
[[0;32m  OK  [0m] Stopped Virtualbox guest utils.
[[0;32m  OK  [0m] Stopped MySQL Community Server.
[[0;32m  OK  [0m] Stopped target Network.
         Stopping Network Name Resolution...
[[0;32m  OK  [0m] Stopped target Basic System.
[[0;32m  OK  [0m] Stopped target Slices.
[[0;32m  OK  [0m] Removed slice User and Session Slice.
[[0;32m  OK  [0m] Stopped target Paths.
[[0;32m  OK  [0m] Stopped ACPI Events Check.
[[0;32m  OK  [0m] Stopped target Sockets.
[[0;32m  OK  [0m] Closed Open-iSCSI iscsid Socket.
[[0;32m  OK  [0m] Closed UUID daemon activation socket.
[[0;32m  OK  [0m] Closed Socket activation for snappy daemon.
[[0;32m  OK  [0m] Closed D-Bus System Message Bus Socket.
[[0;32m  OK  [0m] Closed Syslog Socket.
[[0;32m  OK  [0m] Closed ACPID Listen Socket.
[[0;32m  OK  [0m] Closed LXD - unix socket.
[[0;32m  OK  [0m] Stopped target System Initialization.
         Stopping Update UTMP about System Boot/Shutdown...
[[0;32m  OK  [0m] Stopped Commit a transient machine-id on disk.
[[0;32m  OK  [0m] Stopped target Local Encrypted Volumes.
[[0;32m  OK  [0m] Stopped Dispatch Password Requests to Console Directory Watch.
[[0;32m  OK  [0m] Stopped Forward Password Requests to Wall Directory Watch.
[[0;32m  OK  [0m] Stopped Initial cloud-init job (metadata service crawler).
         Stopping Load/Save Random Seed...
[[0;32m  OK  [0m] Stopped Network Name Resolution.
         Stopping Network Service...
[[0;32m  OK  [0m] Stopped Update UTMP about System Boot/Shutdown.
[[0;32m  OK  [0m] Stopped Create Volatile Files and Directories.
[[0;32m  OK  [0m] Stopped target Local File Systems.
         Unmounting /run/user/1000...
         Unmounting /vagrant...
[[0;32m  OK  [0m] Stopped Load/Save Random Seed.
[[0;32m  OK  [0m] Unmounted /vagrant.
[[0;32m  OK  [0m] Unmounted /run/user/1000.
[[0;32m  OK  [0m] Reached target Unmount All Filesystems.
[[0;32m  OK  [0m] Stopped target Local File Systems (Pre).
         Stopping Monitoring of LVM2 mirrorsâ€¦ng dmeventd or progress polling...
[[0;32m  OK  [0m] Stopped Create Static Device Nodes in /dev.
[[0;32m  OK  [0m] Stopped target Swap.
[[0;32m  OK  [0m] Stopped Network Service.
[[0;32m  OK  [0m] Stopped target Network (Pre).
[[0;32m  OK  [0m] Stopped Initial cloud-init job (pre-networking).
[[0;32m  OK  [0m] Stopped Remount Root and Kernel File Systems.
[[0;32m  OK  [0m] Stopped Apply Kernel Variables.
[[0;32m  OK  [0m] Stopped Load Kernel Modules.
[[0;32m  OK  [0m] Reached target Shutdown.
[[0;32m  OK  [0m] Reached target Final Step.
         Starting Power-Off...
[119506.828546] reboot: Power down
